called modem.set_by_name('BPSK31',) -> 'BPSK31'
called modem.get_name() -> 'BPSK31'
called modem.set_carrier(1500,) -> 1000
called main.set_afc(False,) -> True
called main.get_afc() -> 0
called main.set_rsid(True,) -> True
called main.get_rsid() -> 1
missing rx.set_rsid
missing modem.set_squelch
called main.set_squelch(False,) -> True
missing modem.set_squelch_level
called main.set_squelch_level(0.0,) -> 5.0
called text.clear_rx() -> ''
missing rx.clear_data
status before playback: mode='BPSK31' carrier=1500 quality=0.345838 afc=0 squelch=0 squelch_level=0.0 rsid=1 status1='' status2='' trx='rx'
started playback with 'aplay -v -D rg_playback /var/tmp/grampy-encoder-session8.dYAOKp/evidence/cases/mfsk32-grayscale-speeds/generated.wav'
status during playback: mode='BPSK31' carrier=1500 quality=0.345838 afc=0 squelch=0 squelch_level=0.0 rsid=1 status1='' status2='' trx='rx'
alsa hw_params during playback /proc/asound/card0/pcm0p/sub0/hw_params: access: RW_INTERLEAVED
format: S16_LE
subformat: STD
channels: 1
rate: 48000 (48000/1)
period_size: 6000
buffer_size: 24000
alsa hw_params during playback /proc/asound/card0/pcm1c/sub0/hw_params: access: MMAP_INTERLEAVED
format: S16_LE
subformat: STD
channels: 1
rate: 48000 (48000/1)
period_size: 384
buffer_size: 1920
drained decoded text with rx.get_data for periodic playback poll: 0 chars
status during playback: mode='BPSK31' carrier=1500 quality=0.04 afc=0 squelch=0 squelch_level=0.0 rsid=1 status1='' status2='' trx='rx'
alsa hw_params during playback /proc/asound/card0/pcm0p/sub0/hw_params: access: RW_INTERLEAVED
format: S16_LE
subformat: STD
channels: 1
rate: 48000 (48000/1)
period_size: 6000
buffer_size: 24000
alsa hw_params during playback /proc/asound/card0/pcm1c/sub0/hw_params: access: MMAP_INTERLEAVED
format: S16_LE
subformat: STD
channels: 1
rate: 48000 (48000/1)
period_size: 384
buffer_size: 1920
drained decoded text with rx.get_data for periodic playback poll: 0 chars
status during playback: mode='BPSK31' carrier=1500 quality=2.109969 afc=0 squelch=0 squelch_level=0.0 rsid=1 status1='S/N  6 dB' status2='IMD ---' trx='rx'
alsa hw_params during playback /proc/asound/card0/pcm0p/sub0/hw_params: access: RW_INTERLEAVED
format: S16_LE
subformat: STD
channels: 1
rate: 48000 (48000/1)
period_size: 6000
buffer_size: 24000
alsa hw_params during playback /proc/asound/card0/pcm1c/sub0/hw_params: access: MMAP_INTERLEAVED
format: S16_LE
subformat: STD
channels: 1
rate: 48000 (48000/1)
period_size: 384
buffer_size: 1920
drained decoded text with rx.get_data for periodic playback poll: 1 chars
status during playback: mode='BPSK31' carrier=1500 quality=10.871624 afc=0 squelch=0 squelch_level=0.0 rsid=1 status1='S/N  6 dB' status2='IMD ---' trx='rx'
alsa hw_params during playback /proc/asound/card0/pcm0p/sub0/hw_params: access: RW_INTERLEAVED
format: S16_LE
subformat: STD
channels: 1
rate: 48000 (48000/1)
period_size: 6000
buffer_size: 24000
alsa hw_params during playback /proc/asound/card0/pcm1c/sub0/hw_params: access: MMAP_INTERLEAVED
format: S16_LE
subformat: STD
channels: 1
rate: 48000 (48000/1)
period_size: 384
buffer_size: 1920
drained decoded text with rx.get_data for periodic playback poll: 2 chars
status during playback: mode='MFSK32' carrier=1499 quality=0.0 afc=0 squelch=0 squelch_level=0.0 rsid=1 status1='' status2='' trx='rx'
alsa hw_params during playback /proc/asound/card0/pcm0p/sub0/hw_params: access: RW_INTERLEAVED
format: S16_LE
subformat: STD
channels: 1
rate: 48000 (48000/1)
period_size: 6000
buffer_size: 24000
alsa hw_params during playback /proc/asound/card0/pcm1c/sub0/hw_params: access: MMAP_INTERLEAVED
format: S16_LE
subformat: STD
channels: 1
rate: 48000 (48000/1)
period_size: 384
buffer_size: 1920
drained decoded text with rx.get_data for periodic playback poll: 0 chars
status during playback: mode='MFSK32' carrier=1499 quality=0.0 afc=0 squelch=0 squelch_level=0.0 rsid=1 status1='' status2='' trx='rx'
alsa hw_params during playback /proc/asound/card0/pcm0p/sub0/hw_params: access: RW_INTERLEAVED
format: S16_LE
subformat: STD
channels: 1
rate: 48000 (48000/1)
period_size: 6000
buffer_size: 24000
alsa hw_params during playback /proc/asound/card0/pcm1c/sub0/hw_params: access: MMAP_INTERLEAVED
format: S16_LE
subformat: STD
channels: 1
rate: 48000 (48000/1)
period_size: 384
buffer_size: 1920
drained decoded text with rx.get_data for periodic playback poll: 0 chars
status during playback: mode='MFSK32' carrier=1499 quality=0.0 afc=0 squelch=0 squelch_level=0.0 rsid=1 status1='' status2='' trx='rx'
alsa hw_params during playback /proc/asound/card0/pcm0p/sub0/hw_params: access: RW_INTERLEAVED
format: S16_LE
subformat: STD
channels: 1
rate: 48000 (48000/1)
period_size: 6000
buffer_size: 24000
alsa hw_params during playback /proc/asound/card0/pcm1c/sub0/hw_params: access: MMAP_INTERLEAVED
format: S16_LE
subformat: STD
channels: 1
rate: 48000 (48000/1)
period_size: 384
buffer_size: 1920
drained decoded text with rx.get_data for periodic playback poll: 0 chars
status during playback: mode='MFSK32' carrier=1499 quality=0.0 afc=0 squelch=0 squelch_level=0.0 rsid=1 status1='' status2='' trx='rx'
alsa hw_params during playback /proc/asound/card0/pcm0p/sub0/hw_params: access: RW_INTERLEAVED
format: S16_LE
subformat: STD
channels: 1
rate: 48000 (48000/1)
period_size: 6000
buffer_size: 24000
alsa hw_params during playback /proc/asound/card0/pcm1c/sub0/hw_params: access: MMAP_INTERLEAVED
format: S16_LE
subformat: STD
channels: 1
rate: 48000 (48000/1)
period_size: 384
buffer_size: 1920
drained decoded text with rx.get_data for periodic playback poll: 0 chars
status during playback: mode='MFSK32' carrier=1499 quality=30.713307 afc=0 squelch=0 squelch_level=0.0 rsid=1 status1='' status2='' trx='rx'
alsa hw_params during playback /proc/asound/card0/pcm0p/sub0/hw_params: access: RW_INTERLEAVED
format: S16_LE
subformat: STD
channels: 1
rate: 48000 (48000/1)
period_size: 6000
buffer_size: 24000
alsa hw_params during playback /proc/asound/card0/pcm1c/sub0/hw_params: access: MMAP_INTERLEAVED
format: S16_LE
subformat: STD
channels: 1
rate: 48000 (48000/1)
period_size: 384
buffer_size: 1920
drained decoded text with rx.get_data for periodic playback poll: 0 chars
status during playback: mode='MFSK32' carrier=1499 quality=60.985405 afc=0 squelch=0 squelch_level=0.0 rsid=1 status1='' status2='' trx='rx'
alsa hw_params during playback /proc/asound/card0/pcm0p/sub0/hw_params: access: RW_INTERLEAVED
format: S16_LE
subformat: STD
channels: 1
rate: 48000 (48000/1)
period_size: 6000
buffer_size: 24000
alsa hw_params during playback /proc/asound/card0/pcm1c/sub0/hw_params: access: MMAP_INTERLEAVED
format: S16_LE
subformat: STD
channels: 1
rate: 48000 (48000/1)
period_size: 384
buffer_size: 1920
drained decoded text with rx.get_data for periodic playback poll: 0 chars
status during playback: mode='MFSK32' carrier=1499 quality=73.68672 afc=0 squelch=0 squelch_level=0.0 rsid=1 status1='' status2='' trx='rx'
alsa hw_params during playback /proc/asound/card0/pcm0p/sub0/hw_params: access: RW_INTERLEAVED
format: S16_LE
subformat: STD
channels: 1
rate: 48000 (48000/1)
period_size: 6000
buffer_size: 24000
alsa hw_params during playback /proc/asound/card0/pcm1c/sub0/hw_params: access: MMAP_INTERLEAVED
format: S16_LE
subformat: STD
channels: 1
rate: 48000 (48000/1)
period_size: 384
buffer_size: 1920
drained decoded text with rx.get_data for periodic playback poll: 3 chars
status during playback: mode='MFSK32' carrier=1499 quality=84.24274 afc=0 squelch=0 squelch_level=0.0 rsid=1 status1='s/n  -1 dB' status2='' trx='rx'
alsa hw_params during playback /proc/asound/card0/pcm0p/sub0/hw_params: access: RW_INTERLEAVED
format: S16_LE
subformat: STD
channels: 1
rate: 48000 (48000/1)
period_size: 6000
buffer_size: 24000
alsa hw_params during playback /proc/asound/card0/pcm1c/sub0/hw_params: access: MMAP_INTERLEAVED
format: S16_LE
subformat: STD
channels: 1
rate: 48000 (48000/1)
period_size: 384
buffer_size: 1920
drained decoded text with rx.get_data for periodic playback poll: 5 chars
status during playback: mode='MFSK32' carrier=1499 quality=90.528091 afc=0 squelch=0 squelch_level=0.0 rsid=1 status1='s/n   6 dB' status2='' trx='rx'
alsa hw_params during playback /proc/asound/card0/pcm0p/sub0/hw_params: access: RW_INTERLEAVED
format: S16_LE
subformat: STD
channels: 1
rate: 48000 (48000/1)
period_size: 6000
buffer_size: 24000
alsa hw_params during playback /proc/asound/card0/pcm1c/sub0/hw_params: access: MMAP_INTERLEAVED
format: S16_LE
subformat: STD
channels: 1
rate: 48000 (48000/1)
period_size: 384
buffer_size: 1920
drained decoded text with rx.get_data for periodic playback poll: 5 chars
status during playback: mode='MFSK32' carrier=1499 quality=94.129338 afc=0 squelch=0 squelch_level=0.0 rsid=1 status1='s/n   9 dB' status2='' trx='rx'
alsa hw_params during playback /proc/asound/card0/pcm0p/sub0/hw_params: access: RW_INTERLEAVED
format: S16_LE
subformat: STD
channels: 1
rate: 48000 (48000/1)
period_size: 6000
buffer_size: 24000
alsa hw_params during playback /proc/asound/card0/pcm1c/sub0/hw_params: access: MMAP_INTERLEAVED
format: S16_LE
subformat: STD
channels: 1
rate: 48000 (48000/1)
period_size: 384
buffer_size: 1920
drained decoded text with rx.get_data for periodic playback poll: 3 chars
status during playback: mode='MFSK32' carrier=1499 quality=95.744083 afc=0 squelch=0 squelch_level=0.0 rsid=1 status1='s/n  10 dB' status2='' trx='rx'
alsa hw_params during playback /proc/asound/card0/pcm0p/sub0/hw_params: access: RW_INTERLEAVED
format: S16_LE
subformat: STD
channels: 1
rate: 48000 (48000/1)
period_size: 6000
buffer_size: 24000
alsa hw_params during playback /proc/asound/card0/pcm1c/sub0/hw_params: access: MMAP_INTERLEAVED
format: S16_LE
subformat: STD
channels: 1
rate: 48000 (48000/1)
period_size: 384
buffer_size: 1920
drained decoded text with rx.get_data for periodic playback poll: 5 chars
status during playback: mode='MFSK32' carrier=1499 quality=96.577133 afc=0 squelch=0 squelch_level=0.0 rsid=1 status1='s/n  10 dB' status2='' trx='rx'
alsa hw_params during playback /proc/asound/card0/pcm0p/sub0/hw_params: access: RW_INTERLEAVED
format: S16_LE
subformat: STD
channels: 1
rate: 48000 (48000/1)
period_size: 6000
buffer_size: 24000
alsa hw_params during playback /proc/asound/card0/pcm1c/sub0/hw_params: access: MMAP_INTERLEAVED
format: S16_LE
subformat: STD
channels: 1
rate: 48000 (48000/1)
period_size: 384
buffer_size: 1920
drained decoded text with rx.get_data for periodic playback poll: 5 chars
status during playback: mode='MFSK32' carrier=1499 quality=96.958225 afc=0 squelch=0 squelch_level=0.0 rsid=1 status1='s/n  10 dB' status2='' trx='rx'
alsa hw_params during playback /proc/asound/card0/pcm0p/sub0/hw_params: access: RW_INTERLEAVED
format: S16_LE
subformat: STD
channels: 1
rate: 48000 (48000/1)
period_size: 6000
buffer_size: 24000
alsa hw_params during playback /proc/asound/card0/pcm1c/sub0/hw_params: access: MMAP_INTERLEAVED
format: S16_LE
subformat: STD
channels: 1
rate: 48000 (48000/1)
period_size: 384
buffer_size: 1920
drained decoded text with rx.get_data for periodic playback poll: 5 chars
status during playback: mode='MFSK32' carrier=1499 quality=0.0 afc=0 squelch=0 squelch_level=0.0 rsid=1 status1='s/n  -8 dB' status2='' trx='rx'
alsa hw_params during playback /proc/asound/card0/pcm0p/sub0/hw_params: access: RW_INTERLEAVED
format: S16_LE
subformat: STD
channels: 1
rate: 48000 (48000/1)
period_size: 6000
buffer_size: 24000
alsa hw_params during playback /proc/asound/card0/pcm1c/sub0/hw_params: access: MMAP_INTERLEAVED
format: S16_LE
subformat: STD
channels: 1
rate: 48000 (48000/1)
period_size: 384
buffer_size: 1920
drained decoded text with rx.get_data for periodic playback poll: 3 chars
status during playback: mode='MFSK32' carrier=1499 quality=38.573566 afc=0 squelch=0 squelch_level=0.0 rsid=1 status1='s/n   2 dB' status2='' trx='rx'
alsa hw_params during playback /proc/asound/card0/pcm0p/sub0/hw_params: access: RW_INTERLEAVED
format: S16_LE
subformat: STD
channels: 1
rate: 48000 (48000/1)
period_size: 6000
buffer_size: 24000
alsa hw_params during playback /proc/asound/card0/pcm1c/sub0/hw_params: access: MMAP_INTERLEAVED
format: S16_LE
subformat: STD
channels: 1
rate: 48000 (48000/1)
period_size: 384
buffer_size: 1920
drained decoded text with rx.get_data for periodic playback poll: 0 chars
status during playback: mode='MFSK32' carrier=1499 quality=64.597764 afc=0 squelch=0 squelch_level=0.0 rsid=1 status1='s/n   3 dB' status2='' trx='rx'
alsa hw_params during playback /proc/asound/card0/pcm0p/sub0/hw_params: access: RW_INTERLEAVED
format: S16_LE
subformat: STD
channels: 1
rate: 48000 (48000/1)
period_size: 6000
buffer_size: 24000
alsa hw_params during playback /proc/asound/card0/pcm1c/sub0/hw_params: access: MMAP_INTERLEAVED
format: S16_LE
subformat: STD
channels: 1
rate: 48000 (48000/1)
period_size: 384
buffer_size: 1920
drained decoded text with rx.get_data for periodic playback poll: 0 chars
status during playback: mode='MFSK32' carrier=1499 quality=79.678319 afc=0 squelch=0 squelch_level=0.0 rsid=1 status1='s/n   3 dB' status2='' trx='rx'
alsa hw_params during playback /proc/asound/card0/pcm0p/sub0/hw_params: access: RW_INTERLEAVED
format: S16_LE
subformat: STD
channels: 1
rate: 48000 (48000/1)
period_size: 6000
buffer_size: 24000
alsa hw_params during playback /proc/asound/card0/pcm1c/sub0/hw_params: access: MMAP_INTERLEAVED
format: S16_LE
subformat: STD
channels: 1
rate: 48000 (48000/1)
period_size: 384
buffer_size: 1920
drained decoded text with rx.get_data for periodic playback poll: 0 chars
status during playback: mode='MFSK32' carrier=1499 quality=87.961694 afc=0 squelch=0 squelch_level=0.0 rsid=1 status1='s/n   6 dB' status2='' trx='rx'
alsa hw_params during playback /proc/asound/card0/pcm0p/sub0/hw_params: access: RW_INTERLEAVED
format: S16_LE
subformat: STD
channels: 1
rate: 48000 (48000/1)
period_size: 6000
buffer_size: 24000
alsa hw_params during playback /proc/asound/card0/pcm1c/sub0/hw_params: access: MMAP_INTERLEAVED
format: S16_LE
subformat: STD
channels: 1
rate: 48000 (48000/1)
period_size: 384
buffer_size: 1920
drained decoded text with rx.get_data for periodic playback poll: 0 chars
status during playback: mode='MFSK32' carrier=1499 quality=92.741101 afc=0 squelch=0 squelch_level=0.0 rsid=1 status1='s/n  11 dB' status2='' trx='rx'
alsa hw_params during playback /proc/asound/card0/pcm0p/sub0/hw_params: access: RW_INTERLEAVED
format: S16_LE
subformat: STD
channels: 1
rate: 48000 (48000/1)
period_size: 6000
buffer_size: 24000
alsa hw_params during playback /proc/asound/card0/pcm1c/sub0/hw_params: access: MMAP_INTERLEAVED
format: S16_LE
subformat: STD
channels: 1
rate: 48000 (48000/1)
period_size: 384
buffer_size: 1920
drained decoded text with rx.get_data for periodic playback poll: 0 chars
status during playback: mode='MFSK32' carrier=1499 quality=95.244951 afc=0 squelch=0 squelch_level=0.0 rsid=1 status1='s/n  12 dB' status2='' trx='rx'
alsa hw_params during playback /proc/asound/card0/pcm0p/sub0/hw_params: access: RW_INTERLEAVED
format: S16_LE
subformat: STD
channels: 1
rate: 48000 (48000/1)
period_size: 6000
buffer_size: 24000
alsa hw_params during playback /proc/asound/card0/pcm1c/sub0/hw_params: access: MMAP_INTERLEAVED
format: S16_LE
subformat: STD
channels: 1
rate: 48000 (48000/1)
period_size: 384
buffer_size: 1920
drained decoded text with rx.get_data for periodic playback poll: 0 chars
status during playback: mode='MFSK32' carrier=1499 quality=96.422821 afc=0 squelch=0 squelch_level=0.0 rsid=1 status1='s/n  15 dB' status2='' trx='rx'
alsa hw_params during playback /proc/asound/card0/pcm0p/sub0/hw_params: access: RW_INTERLEAVED
format: S16_LE
subformat: STD
channels: 1
rate: 48000 (48000/1)
period_size: 6000
buffer_size: 24000
alsa hw_params during playback /proc/asound/card0/pcm1c/sub0/hw_params: access: MMAP_INTERLEAVED
format: S16_LE
subformat: STD
channels: 1
rate: 48000 (48000/1)
period_size: 384
buffer_size: 1920
drained decoded text with rx.get_data for periodic playback poll: 1 chars
status during playback: mode='MFSK32' carrier=1499 quality=96.991959 afc=0 squelch=0 squelch_level=0.0 rsid=1 status1='s/n  16 dB' status2='' trx='rx'
alsa hw_params during playback /proc/asound/card0/pcm0p/sub0/hw_params: access: RW_INTERLEAVED
format: S16_LE
subformat: STD
channels: 1
rate: 48000 (48000/1)
period_size: 6000
buffer_size: 24000
alsa hw_params during playback /proc/asound/card0/pcm1c/sub0/hw_params: access: MMAP_INTERLEAVED
format: S16_LE
subformat: STD
channels: 1
rate: 48000 (48000/1)
period_size: 384
buffer_size: 1920
drained decoded text with rx.get_data for periodic playback poll: 4 chars
status during playback: mode='MFSK32' carrier=1499 quality=97.161248 afc=0 squelch=0 squelch_level=0.0 rsid=1 status1='s/n  17 dB' status2='' trx='rx'
alsa hw_params during playback /proc/asound/card0/pcm0p/sub0/hw_params: access: RW_INTERLEAVED
format: S16_LE
subformat: STD
channels: 1
rate: 48000 (48000/1)
period_size: 6000
buffer_size: 24000
alsa hw_params during playback /proc/asound/card0/pcm1c/sub0/hw_params: access: MMAP_INTERLEAVED
format: S16_LE
subformat: STD
channels: 1
rate: 48000 (48000/1)
period_size: 384
buffer_size: 1920
drained decoded text with rx.get_data for periodic playback poll: 5 chars
status during playback: mode='MFSK32' carrier=1499 quality=97.282174 afc=0 squelch=0 squelch_level=0.0 rsid=1 status1='s/n  19 dB' status2='' trx='rx'
alsa hw_params during playback /proc/asound/card0/pcm0p/sub0/hw_params: access: RW_INTERLEAVED
format: S16_LE
subformat: STD
channels: 1
rate: 48000 (48000/1)
period_size: 6000
buffer_size: 24000
alsa hw_params during playback /proc/asound/card0/pcm1c/sub0/hw_params: access: MMAP_INTERLEAVED
format: S16_LE
subformat: STD
channels: 1
rate: 48000 (48000/1)
period_size: 384
buffer_size: 1920
drained decoded text with rx.get_data for periodic playback poll: 5 chars
status during playback: mode='MFSK32' carrier=1499 quality=97.408732 afc=0 squelch=0 squelch_level=0.0 rsid=1 status1='s/n  19 dB' status2='' trx='rx'
alsa hw_params during playback /proc/asound/card0/pcm0p/sub0/hw_params: access: RW_INTERLEAVED
format: S16_LE
subformat: STD
channels: 1
rate: 48000 (48000/1)
period_size: 6000
buffer_size: 24000
alsa hw_params during playback /proc/asound/card0/pcm1c/sub0/hw_params: access: MMAP_INTERLEAVED
format: S16_LE
subformat: STD
channels: 1
rate: 48000 (48000/1)
period_size: 384
buffer_size: 1920
drained decoded text with rx.get_data for periodic playback poll: 4 chars
status during playback: mode='MFSK32' carrier=1499 quality=97.438147 afc=0 squelch=0 squelch_level=0.0 rsid=1 status1='s/n  19 dB' status2='' trx='rx'
alsa hw_params during playback /proc/asound/card0/pcm0p/sub0/hw_params: access: RW_INTERLEAVED
format: S16_LE
subformat: STD
channels: 1
rate: 48000 (48000/1)
period_size: 6000
buffer_size: 24000
alsa hw_params during playback /proc/asound/card0/pcm1c/sub0/hw_params: access: MMAP_INTERLEAVED
format: S16_LE
subformat: STD
channels: 1
rate: 48000 (48000/1)
period_size: 384
buffer_size: 1920
drained decoded text with rx.get_data for periodic playback poll: 3 chars
status during playback: mode='MFSK32' carrier=1499 quality=97.47096 afc=0 squelch=0 squelch_level=0.0 rsid=1 status1='s/n  19 dB' status2='' trx='rx'
alsa hw_params during playback /proc/asound/card0/pcm0p/sub0/hw_params: access: RW_INTERLEAVED
format: S16_LE
subformat: STD
channels: 1
rate: 48000 (48000/1)
period_size: 6000
buffer_size: 24000
alsa hw_params during playback /proc/asound/card0/pcm1c/sub0/hw_params: access: MMAP_INTERLEAVED
format: S16_LE
subformat: STD
channels: 1
rate: 48000 (48000/1)
period_size: 384
buffer_size: 1920
drained decoded text with rx.get_data for periodic playback poll: 6 chars
status during playback: mode='MFSK32' carrier=1499 quality=97.453368 afc=0 squelch=0 squelch_level=0.0 rsid=1 status1='s/n  19 dB' status2='' trx='rx'
alsa hw_params during playback /proc/asound/card0/pcm0p/sub0/hw_params: access: RW_INTERLEAVED
format: S16_LE
subformat: STD
channels: 1
rate: 48000 (48000/1)
period_size: 6000
buffer_size: 24000
alsa hw_params during playback /proc/asound/card0/pcm1c/sub0/hw_params: access: MMAP_INTERLEAVED
format: S16_LE
subformat: STD
channels: 1
rate: 48000 (48000/1)
period_size: 384
buffer_size: 1920
drained decoded text with rx.get_data for periodic playback poll: 6 chars
status during playback: mode='MFSK32' carrier=1499 quality=97.459196 afc=0 squelch=0 squelch_level=0.0 rsid=1 status1='s/n  19 dB' status2='' trx='rx'
alsa hw_params during playback /proc/asound/card0/pcm0p/sub0/hw_params: access: RW_INTERLEAVED
format: S16_LE
subformat: STD
channels: 1
rate: 48000 (48000/1)
period_size: 6000
buffer_size: 24000
alsa hw_params during playback /proc/asound/card0/pcm1c/sub0/hw_params: access: MMAP_INTERLEAVED
format: S16_LE
subformat: STD
channels: 1
rate: 48000 (48000/1)
period_size: 384
buffer_size: 1920
drained decoded text with rx.get_data for periodic playback poll: 4 chars
status during playback: mode='MFSK32' carrier=1499 quality=0.0 afc=0 squelch=0 squelch_level=0.0 rsid=1 status1='s/n  -7 dB' status2='' trx='rx'
alsa hw_params during playback /proc/asound/card0/pcm0p/sub0/hw_params: access: RW_INTERLEAVED
format: S16_LE
subformat: STD
channels: 1
rate: 48000 (48000/1)
period_size: 6000
buffer_size: 24000
alsa hw_params during playback /proc/asound/card0/pcm1c/sub0/hw_params: access: MMAP_INTERLEAVED
format: S16_LE
subformat: STD
channels: 1
rate: 48000 (48000/1)
period_size: 384
buffer_size: 1920
drained decoded text with rx.get_data for periodic playback poll: 3 chars
status during playback: mode='MFSK32' carrier=1499 quality=40.926853 afc=0 squelch=0 squelch_level=0.0 rsid=1 status1='s/n   2 dB' status2='' trx='rx'
alsa hw_params during playback /proc/asound/card0/pcm0p/sub0/hw_params: access: RW_INTERLEAVED
format: S16_LE
subformat: STD
channels: 1
rate: 48000 (48000/1)
period_size: 6000
buffer_size: 24000
alsa hw_params during playback /proc/asound/card0/pcm1c/sub0/hw_params: access: MMAP_INTERLEAVED
format: S16_LE
subformat: STD
channels: 1
rate: 48000 (48000/1)
period_size: 384
buffer_size: 1920
drained decoded text with rx.get_data for periodic playback poll: 0 chars
status during playback: mode='MFSK32' carrier=1499 quality=67.562746 afc=0 squelch=0 squelch_level=0.0 rsid=1 status1='s/n   3 dB' status2='' trx='rx'
alsa hw_params during playback /proc/asound/card0/pcm0p/sub0/hw_params: access: RW_INTERLEAVED
format: S16_LE
subformat: STD
channels: 1
rate: 48000 (48000/1)
period_size: 6000
buffer_size: 24000
alsa hw_params during playback /proc/asound/card0/pcm1c/sub0/hw_params: access: MMAP_INTERLEAVED
format: S16_LE
subformat: STD
channels: 1
rate: 48000 (48000/1)
period_size: 384
buffer_size: 1920
drained decoded text with rx.get_data for periodic playback poll: 0 chars
status during playback: mode='MFSK32' carrier=1499 quality=81.434514 afc=0 squelch=0 squelch_level=0.0 rsid=1 status1='s/n   3 dB' status2='' trx='rx'
alsa hw_params during playback /proc/asound/card0/pcm0p/sub0/hw_params: access: RW_INTERLEAVED
format: S16_LE
subformat: STD
channels: 1
rate: 48000 (48000/1)
period_size: 6000
buffer_size: 24000
alsa hw_params during playback /proc/asound/card0/pcm1c/sub0/hw_params: access: MMAP_INTERLEAVED
format: S16_LE
subformat: STD
channels: 1
rate: 48000 (48000/1)
period_size: 384
buffer_size: 1920
drained decoded text with rx.get_data for periodic playback poll: 0 chars
status during playback: mode='MFSK32' carrier=1499 quality=89.94096 afc=0 squelch=0 squelch_level=0.0 rsid=1 status1='s/n   6 dB' status2='' trx='rx'
alsa hw_params during playback /proc/asound/card0/pcm0p/sub0/hw_params: access: RW_INTERLEAVED
format: S16_LE
subformat: STD
channels: 1
rate: 48000 (48000/1)
period_size: 6000
buffer_size: 24000
alsa hw_params during playback /proc/asound/card0/pcm1c/sub0/hw_params: access: MMAP_INTERLEAVED
format: S16_LE
subformat: STD
channels: 1
rate: 48000 (48000/1)
period_size: 384
buffer_size: 1920
drained decoded text with rx.get_data for periodic playback poll: 0 chars
status during playback: mode='MFSK32' carrier=1499 quality=93.778005 afc=0 squelch=0 squelch_level=0.0 rsid=1 status1='s/n  12 dB' status2='' trx='rx'
alsa hw_params during playback /proc/asound/card0/pcm0p/sub0/hw_params: access: RW_INTERLEAVED
format: S16_LE
subformat: STD
channels: 1
rate: 48000 (48000/1)
period_size: 6000
buffer_size: 24000
alsa hw_params during playback /proc/asound/card0/pcm1c/sub0/hw_params: access: MMAP_INTERLEAVED
format: S16_LE
subformat: STD
channels: 1
rate: 48000 (48000/1)
period_size: 384
buffer_size: 1920
drained decoded text with rx.get_data for periodic playback poll: 0 chars
status during playback: mode='MFSK32' carrier=1499 quality=95.788168 afc=0 squelch=0 squelch_level=0.0 rsid=1 status1='s/n  15 dB' status2='' trx='rx'
alsa hw_params during playback /proc/asound/card0/pcm0p/sub0/hw_params: access: RW_INTERLEAVED
format: S16_LE
subformat: STD
channels: 1
rate: 48000 (48000/1)
period_size: 6000
buffer_size: 24000
alsa hw_params during playback /proc/asound/card0/pcm1c/sub0/hw_params: access: MMAP_INTERLEAVED
format: S16_LE
subformat: STD
channels: 1
rate: 48000 (48000/1)
period_size: 384
buffer_size: 1920
drained decoded text with rx.get_data for periodic playback poll: 0 chars
status during playback: mode='MFSK32' carrier=1499 quality=96.674264 afc=0 squelch=0 squelch_level=0.0 rsid=1 status1='s/n  16 dB' status2='' trx='rx'
alsa hw_params during playback /proc/asound/card0/pcm0p/sub0/hw_params: access: RW_INTERLEAVED
format: S16_LE
subformat: STD
channels: 1
rate: 48000 (48000/1)
period_size: 6000
buffer_size: 24000
alsa hw_params during playback /proc/asound/card0/pcm1c/sub0/hw_params: access: MMAP_INTERLEAVED
format: S16_LE
subformat: STD
channels: 1
rate: 48000 (48000/1)
period_size: 384
buffer_size: 1920
drained decoded text with rx.get_data for periodic playback poll: 2 chars
status during playback: mode='MFSK32' carrier=1499 quality=97.092552 afc=0 squelch=0 squelch_level=0.0 rsid=1 status1='s/n  17 dB' status2='' trx='rx'
alsa hw_params during playback /proc/asound/card0/pcm0p/sub0/hw_params: access: RW_INTERLEAVED
format: S16_LE
subformat: STD
channels: 1
rate: 48000 (48000/1)
period_size: 6000
buffer_size: 24000
alsa hw_params during playback /proc/asound/card0/pcm1c/sub0/hw_params: access: MMAP_INTERLEAVED
format: S16_LE
subformat: STD
channels: 1
rate: 48000 (48000/1)
period_size: 384
buffer_size: 1920
drained decoded text with rx.get_data for periodic playback poll: 5 chars
status during playback: mode='MFSK32' carrier=1499 quality=97.262986 afc=0 squelch=0 squelch_level=0.0 rsid=1 status1='s/n  18 dB' status2='' trx='rx'
alsa hw_params during playback /proc/asound/card0/pcm0p/sub0/hw_params: access: RW_INTERLEAVED
format: S16_LE
subformat: STD
channels: 1
rate: 48000 (48000/1)
period_size: 6000
buffer_size: 24000
alsa hw_params during playback /proc/asound/card0/pcm1c/sub0/hw_params: access: MMAP_INTERLEAVED
format: S16_LE
subformat: STD
channels: 1
rate: 48000 (48000/1)
period_size: 384
buffer_size: 1920
drained decoded text with rx.get_data for periodic playback poll: 4 chars
status during playback: mode='MFSK32' carrier=1499 quality=97.312958 afc=0 squelch=0 squelch_level=0.0 rsid=1 status1='s/n  19 dB' status2='' trx='rx'
alsa hw_params during playback /proc/asound/card0/pcm0p/sub0/hw_params: access: RW_INTERLEAVED
format: S16_LE
subformat: STD
channels: 1
rate: 48000 (48000/1)
period_size: 6000
buffer_size: 24000
alsa hw_params during playback /proc/asound/card0/pcm1c/sub0/hw_params: access: MMAP_INTERLEAVED
format: S16_LE
subformat: STD
channels: 1
rate: 48000 (48000/1)
period_size: 384
buffer_size: 1920
drained decoded text with rx.get_data for periodic playback poll: 5 chars
status during playback: mode='MFSK32' carrier=1499 quality=97.396058 afc=0 squelch=0 squelch_level=0.0 rsid=1 status1='s/n  19 dB' status2='' trx='rx'
alsa hw_params during playback /proc/asound/card0/pcm0p/sub0/hw_params: access: RW_INTERLEAVED
format: S16_LE
subformat: STD
channels: 1
rate: 48000 (48000/1)
period_size: 6000
buffer_size: 24000
alsa hw_params during playback /proc/asound/card0/pcm1c/sub0/hw_params: access: MMAP_INTERLEAVED
format: S16_LE
subformat: STD
channels: 1
rate: 48000 (48000/1)
period_size: 384
buffer_size: 1920
drained decoded text with rx.get_data for periodic playback poll: 4 chars
status during playback: mode='MFSK32' carrier=1499 quality=97.455636 afc=0 squelch=0 squelch_level=0.0 rsid=1 status1='s/n  19 dB' status2='' trx='rx'
alsa hw_params during playback /proc/asound/card0/pcm0p/sub0/hw_params: access: RW_INTERLEAVED
format: S16_LE
subformat: STD
channels: 1
rate: 48000 (48000/1)
period_size: 6000
buffer_size: 24000
alsa hw_params during playback /proc/asound/card0/pcm1c/sub0/hw_params: access: MMAP_INTERLEAVED
format: S16_LE
subformat: STD
channels: 1
rate: 48000 (48000/1)
period_size: 384
buffer_size: 1920
drained decoded text with rx.get_data for periodic playback poll: 4 chars
status during playback: mode='MFSK32' carrier=1499 quality=97.512769 afc=0 squelch=0 squelch_level=0.0 rsid=1 status1='s/n  19 dB' status2='' trx='rx'
alsa hw_params during playback /proc/asound/card0/pcm0p/sub0/hw_params: access: RW_INTERLEAVED
format: S16_LE
subformat: STD
channels: 1
rate: 48000 (48000/1)
period_size: 6000
buffer_size: 24000
alsa hw_params during playback /proc/asound/card0/pcm1c/sub0/hw_params: access: MMAP_INTERLEAVED
format: S16_LE
subformat: STD
channels: 1
rate: 48000 (48000/1)
period_size: 384
buffer_size: 1920
drained decoded text with rx.get_data for periodic playback poll: 6 chars
status during playback: mode='MFSK32' carrier=1499 quality=97.441469 afc=0 squelch=0 squelch_level=0.0 rsid=1 status1='s/n  19 dB' status2='' trx='rx'
alsa hw_params during playback /proc/asound/card0/pcm0p/sub0/hw_params: access: RW_INTERLEAVED
format: S16_LE
subformat: STD
channels: 1
rate: 48000 (48000/1)
period_size: 6000
buffer_size: 24000
alsa hw_params during playback /proc/asound/card0/pcm1c/sub0/hw_params: access: MMAP_INTERLEAVED
format: S16_LE
subformat: STD
channels: 1
rate: 48000 (48000/1)
period_size: 384
buffer_size: 1920
drained decoded text with rx.get_data for periodic playback poll: 5 chars
status during playback: mode='MFSK32' carrier=1499 quality=97.493446 afc=0 squelch=0 squelch_level=0.0 rsid=1 status1='s/n  19 dB' status2='' trx='rx'
alsa hw_params during playback /proc/asound/card0/pcm0p/sub0/hw_params: access: RW_INTERLEAVED
format: S16_LE
subformat: STD
channels: 1
rate: 48000 (48000/1)
period_size: 6000
buffer_size: 24000
alsa hw_params during playback /proc/asound/card0/pcm1c/sub0/hw_params: access: MMAP_INTERLEAVED
format: S16_LE
subformat: STD
channels: 1
rate: 48000 (48000/1)
period_size: 384
buffer_size: 1920
drained decoded text with rx.get_data for periodic playback poll: 4 chars
status during playback: mode='MFSK32' carrier=1499 quality=0.0 afc=0 squelch=0 squelch_level=0.0 rsid=1 status1='s/n   0 dB' status2='' trx='rx'
alsa hw_params during playback /proc/asound/card0/pcm0p/sub0/hw_params: access: RW_INTERLEAVED
format: S16_LE
subformat: STD
channels: 1
rate: 48000 (48000/1)
period_size: 6000
buffer_size: 24000
alsa hw_params during playback /proc/asound/card0/pcm1c/sub0/hw_params: access: MMAP_INTERLEAVED
format: S16_LE
subformat: STD
channels: 1
rate: 48000 (48000/1)
period_size: 384
buffer_size: 1920
drained decoded text with rx.get_data for periodic playback poll: 2 chars
status during playback: mode='MFSK32' carrier=1499 quality=49.444277 afc=0 squelch=0 squelch_level=0.0 rsid=1 status1='s/n   3 dB' status2='' trx='rx'
alsa hw_params during playback /proc/asound/card0/pcm0p/sub0/hw_params: access: RW_INTERLEAVED
format: S16_LE
subformat: STD
channels: 1
rate: 48000 (48000/1)
period_size: 6000
buffer_size: 24000
alsa hw_params during playback /proc/asound/card0/pcm1c/sub0/hw_params: access: MMAP_INTERLEAVED
format: S16_LE
subformat: STD
channels: 1
rate: 48000 (48000/1)
period_size: 384
buffer_size: 1920
drained decoded text with rx.get_data for periodic playback poll: 0 chars
status during playback: mode='MFSK32' carrier=1499 quality=72.562475 afc=0 squelch=0 squelch_level=0.0 rsid=1 status1='s/n   3 dB' status2='' trx='rx'
alsa hw_params during playback /proc/asound/card0/pcm0p/sub0/hw_params: access: RW_INTERLEAVED
format: S16_LE
subformat: STD
channels: 1
rate: 48000 (48000/1)
period_size: 6000
buffer_size: 24000
alsa hw_params during playback /proc/asound/card0/pcm1c/sub0/hw_params: access: MMAP_INTERLEAVED
format: S16_LE
subformat: STD
channels: 1
rate: 48000 (48000/1)
period_size: 384
buffer_size: 1920
drained decoded text with rx.get_data for periodic playback poll: 0 chars
status during playback: mode='MFSK32' carrier=1499 quality=84.424505 afc=0 squelch=0 squelch_level=0.0 rsid=1 status1='s/n   3 dB' status2='' trx='rx'
alsa hw_params during playback /proc/asound/card0/pcm0p/sub0/hw_params: access: RW_INTERLEAVED
format: S16_LE
subformat: STD
channels: 1
rate: 48000 (48000/1)
period_size: 6000
buffer_size: 24000
alsa hw_params during playback /proc/asound/card0/pcm1c/sub0/hw_params: access: MMAP_INTERLEAVED
format: S16_LE
subformat: STD
channels: 1
rate: 48000 (48000/1)
period_size: 384
buffer_size: 1920
drained decoded text with rx.get_data for periodic playback poll: 0 chars
status during playback: mode='MFSK32' carrier=1499 quality=90.877336 afc=0 squelch=0 squelch_level=0.0 rsid=1 status1='s/n   7 dB' status2='' trx='rx'
alsa hw_params during playback /proc/asound/card0/pcm0p/sub0/hw_params: access: RW_INTERLEAVED
format: S16_LE
subformat: STD
channels: 1
rate: 48000 (48000/1)
period_size: 6000
buffer_size: 24000
alsa hw_params during playback /proc/asound/card0/pcm1c/sub0/hw_params: access: MMAP_INTERLEAVED
format: S16_LE
subformat: STD
channels: 1
rate: 48000 (48000/1)
period_size: 384
buffer_size: 1920
drained decoded text with rx.get_data for periodic playback poll: 0 chars
status during playback: mode='MFSK32' carrier=1499 quality=94.558235 afc=0 squelch=0 squelch_level=0.0 rsid=1 status1='s/n  13 dB' status2='' trx='rx'
alsa hw_params during playback /proc/asound/card0/pcm0p/sub0/hw_params: access: RW_INTERLEAVED
format: S16_LE
subformat: STD
channels: 1
rate: 48000 (48000/1)
period_size: 6000
buffer_size: 24000
alsa hw_params during playback /proc/asound/card0/pcm1c/sub0/hw_params: access: MMAP_INTERLEAVED
format: S16_LE
subformat: STD
channels: 1
rate: 48000 (48000/1)
period_size: 384
buffer_size: 1920
drained decoded text with rx.get_data for periodic playback poll: 0 chars
status during playback: mode='MFSK32' carrier=1499 quality=96.196917 afc=0 squelch=0 squelch_level=0.0 rsid=1 status1='s/n  14 dB' status2='' trx='rx'
alsa hw_params during playback /proc/asound/card0/pcm0p/sub0/hw_params: access: RW_INTERLEAVED
format: S16_LE
subformat: STD
channels: 1
rate: 48000 (48000/1)
period_size: 6000
buffer_size: 24000
alsa hw_params during playback /proc/asound/card0/pcm1c/sub0/hw_params: access: MMAP_INTERLEAVED
format: S16_LE
subformat: STD
channels: 1
rate: 48000 (48000/1)
period_size: 384
buffer_size: 1920
drained decoded text with rx.get_data for periodic playback poll: 0 chars
status during playback: mode='MFSK32' carrier=1499 quality=96.858674 afc=0 squelch=0 squelch_level=0.0 rsid=1 status1='s/n  15 dB' status2='' trx='rx'
alsa hw_params during playback /proc/asound/card0/pcm0p/sub0/hw_params: access: RW_INTERLEAVED
format: S16_LE
subformat: STD
channels: 1
rate: 48000 (48000/1)
period_size: 6000
buffer_size: 24000
alsa hw_params during playback /proc/asound/card0/pcm1c/sub0/hw_params: access: MMAP_INTERLEAVED
format: S16_LE
subformat: STD
channels: 1
rate: 48000 (48000/1)
period_size: 384
buffer_size: 1920
drained decoded text with rx.get_data for periodic playback poll: 3 chars
status during playback: mode='MFSK32' carrier=1499 quality=97.138204 afc=0 squelch=0 squelch_level=0.0 rsid=1 status1='s/n  15 dB' status2='' trx='rx'
alsa hw_params during playback /proc/asound/card0/pcm0p/sub0/hw_params: access: RW_INTERLEAVED
format: S16_LE
subformat: STD
channels: 1
rate: 48000 (48000/1)
period_size: 6000
buffer_size: 24000
alsa hw_params during playback /proc/asound/card0/pcm1c/sub0/hw_params: access: MMAP_INTERLEAVED
format: S16_LE
subformat: STD
channels: 1
rate: 48000 (48000/1)
period_size: 384
buffer_size: 1920
drained decoded text with rx.get_data for periodic playback poll: 4 chars
status during playback: mode='MFSK32' carrier=1499 quality=97.281372 afc=0 squelch=0 squelch_level=0.0 rsid=1 status1='s/n  15 dB' status2='' trx='rx'
alsa hw_params during playback /proc/asound/card0/pcm0p/sub0/hw_params: access: RW_INTERLEAVED
format: S16_LE
subformat: STD
channels: 1
rate: 48000 (48000/1)
period_size: 6000
buffer_size: 24000
alsa hw_params during playback /proc/asound/card0/pcm1c/sub0/hw_params: access: MMAP_INTERLEAVED
format: S16_LE
subformat: STD
channels: 1
rate: 48000 (48000/1)
period_size: 384
buffer_size: 1920
drained decoded text with rx.get_data for periodic playback poll: 5 chars
status during playback: mode='MFSK32' carrier=1499 quality=97.431829 afc=0 squelch=0 squelch_level=0.0 rsid=1 status1='s/n  15 dB' status2='' trx='rx'
alsa hw_params during playback /proc/asound/card0/pcm1c/sub0/hw_params: access: MMAP_INTERLEAVED
format: S16_LE
subformat: STD
channels: 1
rate: 48000 (48000/1)
period_size: 384
buffer_size: 1920
drained decoded text with rx.get_data for periodic playback poll: 3 chars
aplay exited with 0
aplay stderr: Playing WAVE '/var/tmp/grampy-encoder-session8.dYAOKp/evidence/cases/mfsk32-grayscale-speeds/generated.wav' : Signed 16 bit Little Endian, Rate 48000 Hz, Mono
Plug PCM: Hardware PCM card 0 'Loopback' device 0 subdevice 0
Its setup is:
  stream       : PLAYBACK
  access       : RW_INTERLEAVED
  format       : S16_LE
  subformat    : STD
  channels     : 1
  rate         : 48000
  exact rate   : 48000 (48000/1)
  msbits       : 16
  buffer_size  : 24000
  period_size  : 6000
  period_time  : 125000
  tstamp_mode  : ENABLE
  tstamp_type  : MONOTONIC
  period_step  : 1
  avail_min    : 6000
  period_event : 0
  start_threshold  : 24000
  stop_threshold   : 24000
  silence_threshold: 0
  silence_size : 0
  boundary     : 6755399441055744000
  appl_ptr     : 0
  hw_ptr       : 0
status after playback wait: mode='MFSK32' carrier=1499 quality=97.702345 afc=0 squelch=0 squelch_level=0.0 rsid=1 status1='s/n  15 dB' status2='' trx='rx'
drained decoded text with rx.get_data for post-playback poll: 0 chars
status after playback wait: mode='MFSK32' carrier=1499 quality=90.058024 afc=0 squelch=0 squelch_level=0.0 rsid=1 status1='s/n  15 dB' status2='' trx='rx'
drained decoded text with rx.get_data for post-playback poll: 0 chars
status after playback wait: mode='MFSK32' carrier=1499 quality=64.314866 afc=0 squelch=0 squelch_level=0.0 rsid=1 status1='s/n  15 dB' status2='' trx='rx'
drained decoded text with rx.get_data for post-playback poll: 0 chars
status after playback wait: mode='MFSK32' carrier=1499 quality=39.25234 afc=0 squelch=0 squelch_level=0.0 rsid=1 status1='s/n  14 dB' status2='' trx='rx'
drained decoded text with rx.get_data for post-playback poll: 0 chars
status after playback wait: mode='MFSK32' carrier=1499 quality=30.682325 afc=0 squelch=0 squelch_level=0.0 rsid=1 status1='s/n  12 dB' status2='' trx='rx'
drained decoded text with rx.get_data for post-playback poll: 0 chars
status after playback wait: mode='MFSK32' carrier=1499 quality=26.192638 afc=0 squelch=0 squelch_level=0.0 rsid=1 status1='s/n  10 dB' status2='' trx='rx'
drained decoded text with rx.get_data for post-playback poll: 0 chars
status after playback wait: mode='MFSK32' carrier=1499 quality=23.840567 afc=0 squelch=0 squelch_level=0.0 rsid=1 status1='s/n   8 dB' status2='' trx='rx'
drained decoded text with rx.get_data for post-playback poll: 0 chars
status after playback wait: mode='MFSK32' carrier=1499 quality=22.608357 afc=0 squelch=0 squelch_level=0.0 rsid=1 status1='s/n   6 dB' status2='' trx='rx'
drained decoded text with rx.get_data for post-playback poll: 0 chars
status after playback wait: mode='MFSK32' carrier=1499 quality=21.962823 afc=0 squelch=0 squelch_level=0.0 rsid=1 status1='s/n   4 dB' status2='' trx='rx'
drained decoded text with rx.get_data for post-playback poll: 0 chars
status after playback wait: mode='MFSK32' carrier=1499 quality=21.624638 afc=0 squelch=0 squelch_level=0.0 rsid=1 status1='s/n   2 dB' status2='' trx='rx'
drained decoded text with rx.get_data for post-playback poll: 0 chars
status after playback wait: mode='MFSK32' carrier=1499 quality=21.447469 afc=0 squelch=0 squelch_level=0.0 rsid=1 status1='s/n  -0 dB' status2='' trx='rx'
drained decoded text with rx.get_data for post-playback poll: 0 chars
status after playback wait: mode='MFSK32' carrier=1499 quality=21.354653 afc=0 squelch=0 squelch_level=0.0 rsid=1 status1='s/n  -2 dB' status2='' trx='rx'
drained decoded text with rx.get_data for post-playback poll: 0 chars
status after playback wait: mode='MFSK32' carrier=1499 quality=21.306028 afc=0 squelch=0 squelch_level=0.0 rsid=1 status1='s/n  -4 dB' status2='' trx='rx'
drained decoded text with rx.get_data for post-playback poll: 0 chars
status after playback wait: mode='MFSK32' carrier=1499 quality=21.280555 afc=0 squelch=0 squelch_level=0.0 rsid=1 status1='s/n  -6 dB' status2='' trx='rx'
drained decoded text with rx.get_data for post-playback poll: 0 chars
status after playback wait: mode='MFSK32' carrier=1499 quality=21.267209 afc=0 squelch=0 squelch_level=0.0 rsid=1 status1='s/n  -8 dB' status2='' trx='rx'
drained decoded text with rx.get_data for post-playback poll: 0 chars
status after playback wait: mode='MFSK32' carrier=1499 quality=21.259621 afc=0 squelch=0 squelch_level=0.0 rsid=1 status1='s/n -10 dB' status2='' trx='rx'
drained decoded text with rx.get_data for post-playback poll: 0 chars
status after playback wait: mode='MFSK32' carrier=1499 quality=21.256242 afc=0 squelch=0 squelch_level=0.0 rsid=1 status1='s/n -12 dB' status2='' trx='rx'
drained decoded text with rx.get_data for post-playback poll: 0 chars
status after playback wait: mode='MFSK32' carrier=1499 quality=21.254473 afc=0 squelch=0 squelch_level=0.0 rsid=1 status1='s/n -12 dB' status2='' trx='rx'
drained decoded text with rx.get_data for post-playback poll: 0 chars
status after playback wait: mode='MFSK32' carrier=1499 quality=21.253545 afc=0 squelch=0 squelch_level=0.0 rsid=1 status1='s/n -12 dB' status2='' trx='rx'
drained decoded text with rx.get_data for post-playback poll: 0 chars
status after playback wait: mode='MFSK32' carrier=1499 quality=21.25306 afc=0 squelch=0 squelch_level=0.0 rsid=1 status1='s/n -12 dB' status2='' trx='rx'
drained decoded text with rx.get_data for post-playback poll: 0 chars
status after playback wait: mode='MFSK32' carrier=1499 quality=21.252805 afc=0 squelch=0 squelch_level=0.0 rsid=1 status1='s/n -12 dB' status2='' trx='rx'
drained decoded text with rx.get_data for post-playback poll: 0 chars
status after playback wait: mode='MFSK32' carrier=1499 quality=21.252661 afc=0 squelch=0 squelch_level=0.0 rsid=1 status1='s/n -12 dB' status2='' trx='rx'
drained decoded text with rx.get_data for post-playback poll: 0 chars
status after playback wait: mode='MFSK32' carrier=1499 quality=21.252596 afc=0 squelch=0 squelch_level=0.0 rsid=1 status1='s/n -12 dB' status2='' trx='rx'
drained decoded text with rx.get_data for post-playback poll: 0 chars
status after playback wait: mode='MFSK32' carrier=1499 quality=21.252562 afc=0 squelch=0 squelch_level=0.0 rsid=1 status1='s/n -12 dB' status2='' trx='rx'
drained decoded text with rx.get_data for post-playback poll: 0 chars
status after playback wait: mode='MFSK32' carrier=1499 quality=21.252545 afc=0 squelch=0 squelch_level=0.0 rsid=1 status1='s/n -12 dB' status2='' trx='rx'
drained decoded text with rx.get_data for post-playback poll: 0 chars
status after playback wait: mode='MFSK32' carrier=1499 quality=21.252535 afc=0 squelch=0 squelch_level=0.0 rsid=1 status1='s/n -12 dB' status2='' trx='rx'
drained decoded text with rx.get_data for post-playback poll: 0 chars
status after playback wait: mode='MFSK32' carrier=1499 quality=21.252531 afc=0 squelch=0 squelch_level=0.0 rsid=1 status1='s/n -12 dB' status2='' trx='rx'
drained decoded text with rx.get_data for post-playback poll: 0 chars
called modem.get_name() -> 'MFSK32'
called main.get_rsid() -> 1
status after playback: mode='MFSK32' carrier=1499 quality=21.25253 afc=0 squelch=0 squelch_level=0.0 rsid=1 status1='s/n -12 dB' status2='' trx='rx'
drained decoded text with rx.get_data for final drain: 0 chars
