called modem.set_by_name('BPSK31',) -> 'BPSK31'
called modem.get_name() -> 'BPSK31'
called modem.set_carrier(1500,) -> 1000
called main.set_afc(False,) -> True
called main.get_afc() -> 0
called main.set_rsid(True,) -> True
called main.get_rsid() -> 1
missing rx.set_rsid
missing modem.set_squelch
called main.set_squelch(False,) -> True
missing modem.set_squelch_level
called main.set_squelch_level(0.0,) -> 5.0
called text.clear_rx() -> ''
missing rx.clear_data
status before playback: mode='BPSK31' carrier=1500 quality=0.04 afc=0 squelch=0 squelch_level=0.0 rsid=1 status1='' status2='' trx='rx'
started playback with 'aplay -v -D rg_playback /var/tmp/grampy-encoder-session8.dYAOKp/evidence/cases/mfsk64-color-speeds/generated.wav'
status during playback: mode='BPSK31' carrier=1500 quality=0.04 afc=0 squelch=0 squelch_level=0.0 rsid=1 status1='' status2='' trx='rx'
alsa hw_params during playback /proc/asound/card0/pcm0p/sub0/hw_params: access: RW_INTERLEAVED
format: S16_LE
subformat: STD
channels: 1
rate: 48000 (48000/1)
period_size: 6000
buffer_size: 24000
alsa hw_params during playback /proc/asound/card0/pcm1c/sub0/hw_params: access: MMAP_INTERLEAVED
format: S16_LE
subformat: STD
channels: 1
rate: 48000 (48000/1)
period_size: 384
buffer_size: 1920
drained decoded text with rx.get_data for periodic playback poll: 0 chars
status during playback: mode='BPSK31' carrier=1500 quality=0.923121 afc=0 squelch=0 squelch_level=0.0 rsid=1 status1='' status2='' trx='rx'
alsa hw_params during playback /proc/asound/card0/pcm0p/sub0/hw_params: access: RW_INTERLEAVED
format: S16_LE
subformat: STD
channels: 1
rate: 48000 (48000/1)
period_size: 6000
buffer_size: 24000
alsa hw_params during playback /proc/asound/card0/pcm1c/sub0/hw_params: access: MMAP_INTERLEAVED
format: S16_LE
subformat: STD
channels: 1
rate: 48000 (48000/1)
period_size: 384
buffer_size: 1920
drained decoded text with rx.get_data for periodic playback poll: 0 chars
status during playback: mode='BPSK31' carrier=1500 quality=2.551239 afc=0 squelch=0 squelch_level=0.0 rsid=1 status1='' status2='' trx='rx'
alsa hw_params during playback /proc/asound/card0/pcm0p/sub0/hw_params: access: RW_INTERLEAVED
format: S16_LE
subformat: STD
channels: 1
rate: 48000 (48000/1)
period_size: 6000
buffer_size: 24000
alsa hw_params during playback /proc/asound/card0/pcm1c/sub0/hw_params: access: MMAP_INTERLEAVED
format: S16_LE
subformat: STD
channels: 1
rate: 48000 (48000/1)
period_size: 384
buffer_size: 1920
drained decoded text with rx.get_data for periodic playback poll: 2 chars
status during playback: mode='BPSK31' carrier=1500 quality=2.169875 afc=0 squelch=0 squelch_level=0.0 rsid=1 status1='' status2='' trx='rx'
alsa hw_params during playback /proc/asound/card0/pcm0p/sub0/hw_params: access: RW_INTERLEAVED
format: S16_LE
subformat: STD
channels: 1
rate: 48000 (48000/1)
period_size: 6000
buffer_size: 24000
alsa hw_params during playback /proc/asound/card0/pcm1c/sub0/hw_params: access: MMAP_INTERLEAVED
format: S16_LE
subformat: STD
channels: 1
rate: 48000 (48000/1)
period_size: 384
buffer_size: 1920
drained decoded text with rx.get_data for periodic playback poll: 1 chars
status during playback: mode='BPSK31' carrier=1500 quality=1.3136 afc=0 squelch=0 squelch_level=0.0 rsid=1 status1='S/N  6 dB' status2='IMD ---' trx='rx'
alsa hw_params during playback /proc/asound/card0/pcm0p/sub0/hw_params: access: RW_INTERLEAVED
format: S16_LE
subformat: STD
channels: 1
rate: 48000 (48000/1)
period_size: 6000
buffer_size: 24000
alsa hw_params during playback /proc/asound/card0/pcm1c/sub0/hw_params: access: MMAP_INTERLEAVED
format: S16_LE
subformat: STD
channels: 1
rate: 48000 (48000/1)
period_size: 384
buffer_size: 1920
drained decoded text with rx.get_data for periodic playback poll: 3 chars
status during playback: mode='BPSK31' carrier=1500 quality=12.847639 afc=0 squelch=0 squelch_level=0.0 rsid=1 status1='S/N  6 dB' status2='IMD ---' trx='rx'
alsa hw_params during playback /proc/asound/card0/pcm0p/sub0/hw_params: access: RW_INTERLEAVED
format: S16_LE
subformat: STD
channels: 1
rate: 48000 (48000/1)
period_size: 6000
buffer_size: 24000
alsa hw_params during playback /proc/asound/card0/pcm1c/sub0/hw_params: access: MMAP_INTERLEAVED
format: S16_LE
subformat: STD
channels: 1
rate: 48000 (48000/1)
period_size: 384
buffer_size: 1920
drained decoded text with rx.get_data for periodic playback poll: 0 chars
status during playback: mode='BPSK31' carrier=1500 quality=0.62802 afc=0 squelch=0 squelch_level=0.0 rsid=1 status1='S/N  7 dB' status2='IMD ---' trx='rx'
alsa hw_params during playback /proc/asound/card0/pcm0p/sub0/hw_params: access: RW_INTERLEAVED
format: S16_LE
subformat: STD
channels: 1
rate: 48000 (48000/1)
period_size: 6000
buffer_size: 24000
alsa hw_params during playback /proc/asound/card0/pcm1c/sub0/hw_params: access: MMAP_INTERLEAVED
format: S16_LE
subformat: STD
channels: 1
rate: 48000 (48000/1)
period_size: 384
buffer_size: 1920
drained decoded text with rx.get_data for periodic playback poll: 0 chars
status during playback: mode='BPSK31' carrier=1500 quality=4.966275 afc=0 squelch=0 squelch_level=0.0 rsid=1 status1='S/N  7 dB' status2='IMD ---' trx='rx'
alsa hw_params during playback /proc/asound/card0/pcm0p/sub0/hw_params: access: RW_INTERLEAVED
format: S16_LE
subformat: STD
channels: 1
rate: 48000 (48000/1)
period_size: 6000
buffer_size: 24000
alsa hw_params during playback /proc/asound/card0/pcm1c/sub0/hw_params: access: MMAP_INTERLEAVED
format: S16_LE
subformat: STD
channels: 1
rate: 48000 (48000/1)
period_size: 384
buffer_size: 1920
drained decoded text with rx.get_data for periodic playback poll: 1 chars
status during playback: mode='BPSK31' carrier=1500 quality=4.893558 afc=0 squelch=0 squelch_level=0.0 rsid=1 status1='S/N  7 dB' status2='IMD ---' trx='rx'
alsa hw_params during playback /proc/asound/card0/pcm0p/sub0/hw_params: access: RW_INTERLEAVED
format: S16_LE
subformat: STD
channels: 1
rate: 48000 (48000/1)
period_size: 6000
buffer_size: 24000
alsa hw_params during playback /proc/asound/card0/pcm1c/sub0/hw_params: access: MMAP_INTERLEAVED
format: S16_LE
subformat: STD
channels: 1
rate: 48000 (48000/1)
period_size: 384
buffer_size: 1920
drained decoded text with rx.get_data for periodic playback poll: 0 chars
status during playback: mode='MFSK64' carrier=1499 quality=0.0 afc=0 squelch=0 squelch_level=0.0 rsid=1 status1='' status2='' trx='rx'
alsa hw_params during playback /proc/asound/card0/pcm0p/sub0/hw_params: access: RW_INTERLEAVED
format: S16_LE
subformat: STD
channels: 1
rate: 48000 (48000/1)
period_size: 6000
buffer_size: 24000
alsa hw_params during playback /proc/asound/card0/pcm1c/sub0/hw_params: access: MMAP_INTERLEAVED
format: S16_LE
subformat: STD
channels: 1
rate: 48000 (48000/1)
period_size: 384
buffer_size: 1920
drained decoded text with rx.get_data for periodic playback poll: 1 chars
status during playback: mode='MFSK64' carrier=1499 quality=0.0 afc=0 squelch=0 squelch_level=0.0 rsid=1 status1='' status2='' trx='rx'
alsa hw_params during playback /proc/asound/card0/pcm0p/sub0/hw_params: access: RW_INTERLEAVED
format: S16_LE
subformat: STD
channels: 1
rate: 48000 (48000/1)
period_size: 6000
buffer_size: 24000
alsa hw_params during playback /proc/asound/card0/pcm1c/sub0/hw_params: access: MMAP_INTERLEAVED
format: S16_LE
subformat: STD
channels: 1
rate: 48000 (48000/1)
period_size: 384
buffer_size: 1920
drained decoded text with rx.get_data for periodic playback poll: 0 chars
status during playback: mode='MFSK64' carrier=1499 quality=44.442185 afc=0 squelch=0 squelch_level=0.0 rsid=1 status1='' status2='' trx='rx'
alsa hw_params during playback /proc/asound/card0/pcm0p/sub0/hw_params: access: RW_INTERLEAVED
format: S16_LE
subformat: STD
channels: 1
rate: 48000 (48000/1)
period_size: 6000
buffer_size: 24000
alsa hw_params during playback /proc/asound/card0/pcm1c/sub0/hw_params: access: MMAP_INTERLEAVED
format: S16_LE
subformat: STD
channels: 1
rate: 48000 (48000/1)
period_size: 384
buffer_size: 1920
drained decoded text with rx.get_data for periodic playback poll: 0 chars
status during playback: mode='MFSK64' carrier=1499 quality=80.981275 afc=0 squelch=0 squelch_level=0.0 rsid=1 status1='' status2='' trx='rx'
alsa hw_params during playback /proc/asound/card0/pcm0p/sub0/hw_params: access: RW_INTERLEAVED
format: S16_LE
subformat: STD
channels: 1
rate: 48000 (48000/1)
period_size: 6000
buffer_size: 24000
alsa hw_params during playback /proc/asound/card0/pcm1c/sub0/hw_params: access: MMAP_INTERLEAVED
format: S16_LE
subformat: STD
channels: 1
rate: 48000 (48000/1)
period_size: 384
buffer_size: 1920
drained decoded text with rx.get_data for periodic playback poll: 2 chars
status during playback: mode='MFSK64' carrier=1499 quality=92.646646 afc=0 squelch=0 squelch_level=0.0 rsid=1 status1='s/n   9 dB' status2='' trx='rx'
alsa hw_params during playback /proc/asound/card0/pcm0p/sub0/hw_params: access: RW_INTERLEAVED
format: S16_LE
subformat: STD
channels: 1
rate: 48000 (48000/1)
period_size: 6000
buffer_size: 24000
alsa hw_params during playback /proc/asound/card0/pcm1c/sub0/hw_params: access: MMAP_INTERLEAVED
format: S16_LE
subformat: STD
channels: 1
rate: 48000 (48000/1)
period_size: 384
buffer_size: 1920
drained decoded text with rx.get_data for periodic playback poll: 8 chars
status during playback: mode='MFSK64' carrier=1499 quality=96.163158 afc=0 squelch=0 squelch_level=0.0 rsid=1 status1='s/n  15 dB' status2='' trx='rx'
alsa hw_params during playback /proc/asound/card0/pcm0p/sub0/hw_params: access: RW_INTERLEAVED
format: S16_LE
subformat: STD
channels: 1
rate: 48000 (48000/1)
period_size: 6000
buffer_size: 24000
alsa hw_params during playback /proc/asound/card0/pcm1c/sub0/hw_params: access: MMAP_INTERLEAVED
format: S16_LE
subformat: STD
channels: 1
rate: 48000 (48000/1)
period_size: 384
buffer_size: 1920
drained decoded text with rx.get_data for periodic playback poll: 9 chars
status during playback: mode='MFSK64' carrier=1499 quality=97.160045 afc=0 squelch=0 squelch_level=0.0 rsid=1 status1='s/n  15 dB' status2='' trx='rx'
alsa hw_params during playback /proc/asound/card0/pcm0p/sub0/hw_params: access: RW_INTERLEAVED
format: S16_LE
subformat: STD
channels: 1
rate: 48000 (48000/1)
period_size: 6000
buffer_size: 24000
alsa hw_params during playback /proc/asound/card0/pcm1c/sub0/hw_params: access: MMAP_INTERLEAVED
format: S16_LE
subformat: STD
channels: 1
rate: 48000 (48000/1)
period_size: 384
buffer_size: 1920
drained decoded text with rx.get_data for periodic playback poll: 11 chars
status during playback: mode='MFSK64' carrier=1499 quality=97.409642 afc=0 squelch=0 squelch_level=0.0 rsid=1 status1='s/n  15 dB' status2='' trx='rx'
alsa hw_params during playback /proc/asound/card0/pcm0p/sub0/hw_params: access: RW_INTERLEAVED
format: S16_LE
subformat: STD
channels: 1
rate: 48000 (48000/1)
period_size: 6000
buffer_size: 24000
alsa hw_params during playback /proc/asound/card0/pcm1c/sub0/hw_params: access: MMAP_INTERLEAVED
format: S16_LE
subformat: STD
channels: 1
rate: 48000 (48000/1)
period_size: 384
buffer_size: 1920
drained decoded text with rx.get_data for periodic playback poll: 6 chars
status during playback: mode='MFSK64' carrier=1499 quality=97.548907 afc=0 squelch=0 squelch_level=0.0 rsid=1 status1='s/n  15 dB' status2='' trx='rx'
alsa hw_params during playback /proc/asound/card0/pcm0p/sub0/hw_params: access: RW_INTERLEAVED
format: S16_LE
subformat: STD
channels: 1
rate: 48000 (48000/1)
period_size: 6000
buffer_size: 24000
alsa hw_params during playback /proc/asound/card0/pcm1c/sub0/hw_params: access: MMAP_INTERLEAVED
format: S16_LE
subformat: STD
channels: 1
rate: 48000 (48000/1)
period_size: 384
buffer_size: 1920
drained decoded text with rx.get_data for periodic playback poll: 0 chars
status during playback: mode='MFSK64' carrier=1499 quality=53.660784 afc=0 squelch=0 squelch_level=0.0 rsid=1 status1='s/n   5 dB' status2='' trx='rx'
alsa hw_params during playback /proc/asound/card0/pcm0p/sub0/hw_params: access: RW_INTERLEAVED
format: S16_LE
subformat: STD
channels: 1
rate: 48000 (48000/1)
period_size: 6000
buffer_size: 24000
alsa hw_params during playback /proc/asound/card0/pcm1c/sub0/hw_params: access: MMAP_INTERLEAVED
format: S16_LE
subformat: STD
channels: 1
rate: 48000 (48000/1)
period_size: 384
buffer_size: 1920
drained decoded text with rx.get_data for periodic playback poll: 0 chars
status during playback: mode='MFSK64' carrier=1499 quality=86.933404 afc=0 squelch=0 squelch_level=0.0 rsid=1 status1='s/n   5 dB' status2='' trx='rx'
alsa hw_params during playback /proc/asound/card0/pcm0p/sub0/hw_params: access: RW_INTERLEAVED
format: S16_LE
subformat: STD
channels: 1
rate: 48000 (48000/1)
period_size: 6000
buffer_size: 24000
alsa hw_params during playback /proc/asound/card0/pcm1c/sub0/hw_params: access: MMAP_INTERLEAVED
format: S16_LE
subformat: STD
channels: 1
rate: 48000 (48000/1)
period_size: 384
buffer_size: 1920
drained decoded text with rx.get_data for periodic playback poll: 0 chars
status during playback: mode='MFSK64' carrier=1499 quality=94.962734 afc=0 squelch=0 squelch_level=0.0 rsid=1 status1='s/n   5 dB' status2='' trx='rx'
alsa hw_params during playback /proc/asound/card0/pcm0p/sub0/hw_params: access: RW_INTERLEAVED
format: S16_LE
subformat: STD
channels: 1
rate: 48000 (48000/1)
period_size: 6000
buffer_size: 24000
alsa hw_params during playback /proc/asound/card0/pcm1c/sub0/hw_params: access: MMAP_INTERLEAVED
format: S16_LE
subformat: STD
channels: 1
rate: 48000 (48000/1)
period_size: 384
buffer_size: 1920
drained decoded text with rx.get_data for periodic playback poll: 0 chars
status during playback: mode='MFSK64' carrier=1499 quality=97.166411 afc=0 squelch=0 squelch_level=0.0 rsid=1 status1='s/n   8 dB' status2='' trx='rx'
alsa hw_params during playback /proc/asound/card0/pcm0p/sub0/hw_params: access: RW_INTERLEAVED
format: S16_LE
subformat: STD
channels: 1
rate: 48000 (48000/1)
period_size: 6000
buffer_size: 24000
alsa hw_params during playback /proc/asound/card0/pcm1c/sub0/hw_params: access: MMAP_INTERLEAVED
format: S16_LE
subformat: STD
channels: 1
rate: 48000 (48000/1)
period_size: 384
buffer_size: 1920
drained decoded text with rx.get_data for periodic playback poll: 0 chars
status during playback: mode='MFSK64' carrier=1499 quality=97.522574 afc=0 squelch=0 squelch_level=0.0 rsid=1 status1='s/n   9 dB' status2='' trx='rx'
alsa hw_params during playback /proc/asound/card0/pcm0p/sub0/hw_params: access: RW_INTERLEAVED
format: S16_LE
subformat: STD
channels: 1
rate: 48000 (48000/1)
period_size: 6000
buffer_size: 24000
alsa hw_params during playback /proc/asound/card0/pcm1c/sub0/hw_params: access: MMAP_INTERLEAVED
format: S16_LE
subformat: STD
channels: 1
rate: 48000 (48000/1)
period_size: 384
buffer_size: 1920
drained decoded text with rx.get_data for periodic playback poll: 3 chars
status during playback: mode='MFSK64' carrier=1499 quality=97.457667 afc=0 squelch=0 squelch_level=0.0 rsid=1 status1='s/n  10 dB' status2='' trx='rx'
alsa hw_params during playback /proc/asound/card0/pcm0p/sub0/hw_params: access: RW_INTERLEAVED
format: S16_LE
subformat: STD
channels: 1
rate: 48000 (48000/1)
period_size: 6000
buffer_size: 24000
alsa hw_params during playback /proc/asound/card0/pcm1c/sub0/hw_params: access: MMAP_INTERLEAVED
format: S16_LE
subformat: STD
channels: 1
rate: 48000 (48000/1)
period_size: 384
buffer_size: 1920
drained decoded text with rx.get_data for periodic playback poll: 11 chars
status during playback: mode='MFSK64' carrier=1499 quality=97.46574 afc=0 squelch=0 squelch_level=0.0 rsid=1 status1='s/n  11 dB' status2='' trx='rx'
alsa hw_params during playback /proc/asound/card0/pcm0p/sub0/hw_params: access: RW_INTERLEAVED
format: S16_LE
subformat: STD
channels: 1
rate: 48000 (48000/1)
period_size: 6000
buffer_size: 24000
alsa hw_params during playback /proc/asound/card0/pcm1c/sub0/hw_params: access: MMAP_INTERLEAVED
format: S16_LE
subformat: STD
channels: 1
rate: 48000 (48000/1)
period_size: 384
buffer_size: 1920
drained decoded text with rx.get_data for periodic playback poll: 8 chars
status during playback: mode='MFSK64' carrier=1499 quality=97.52766 afc=0 squelch=0 squelch_level=0.0 rsid=1 status1='s/n  11 dB' status2='' trx='rx'
alsa hw_params during playback /proc/asound/card0/pcm0p/sub0/hw_params: access: RW_INTERLEAVED
format: S16_LE
subformat: STD
channels: 1
rate: 48000 (48000/1)
period_size: 6000
buffer_size: 24000
alsa hw_params during playback /proc/asound/card0/pcm1c/sub0/hw_params: access: MMAP_INTERLEAVED
format: S16_LE
subformat: STD
channels: 1
rate: 48000 (48000/1)
period_size: 384
buffer_size: 1920
drained decoded text with rx.get_data for periodic playback poll: 10 chars
status during playback: mode='MFSK64' carrier=1499 quality=97.518837 afc=0 squelch=0 squelch_level=0.0 rsid=1 status1='s/n  11 dB' status2='' trx='rx'
alsa hw_params during playback /proc/asound/card0/pcm0p/sub0/hw_params: access: RW_INTERLEAVED
format: S16_LE
subformat: STD
channels: 1
rate: 48000 (48000/1)
period_size: 6000
buffer_size: 24000
alsa hw_params during playback /proc/asound/card0/pcm1c/sub0/hw_params: access: MMAP_INTERLEAVED
format: S16_LE
subformat: STD
channels: 1
rate: 48000 (48000/1)
period_size: 384
buffer_size: 1920
drained decoded text with rx.get_data for periodic playback poll: 8 chars
status during playback: mode='MFSK64' carrier=1499 quality=97.588856 afc=0 squelch=0 squelch_level=0.0 rsid=1 status1='s/n  11 dB' status2='' trx='rx'
alsa hw_params during playback /proc/asound/card0/pcm0p/sub0/hw_params: access: RW_INTERLEAVED
format: S16_LE
subformat: STD
channels: 1
rate: 48000 (48000/1)
period_size: 6000
buffer_size: 24000
alsa hw_params during playback /proc/asound/card0/pcm1c/sub0/hw_params: access: MMAP_INTERLEAVED
format: S16_LE
subformat: STD
channels: 1
rate: 48000 (48000/1)
period_size: 384
buffer_size: 1920
drained decoded text with rx.get_data for periodic playback poll: 3 chars
status during playback: mode='MFSK64' carrier=1499 quality=22.301384 afc=0 squelch=0 squelch_level=0.0 rsid=1 status1='s/n   7 dB' status2='' trx='rx'
alsa hw_params during playback /proc/asound/card0/pcm0p/sub0/hw_params: access: RW_INTERLEAVED
format: S16_LE
subformat: STD
channels: 1
rate: 48000 (48000/1)
period_size: 6000
buffer_size: 24000
alsa hw_params during playback /proc/asound/card0/pcm1c/sub0/hw_params: access: MMAP_INTERLEAVED
format: S16_LE
subformat: STD
channels: 1
rate: 48000 (48000/1)
period_size: 384
buffer_size: 1920
drained decoded text with rx.get_data for periodic playback poll: 0 chars
status during playback: mode='MFSK64' carrier=1499 quality=77.111806 afc=0 squelch=0 squelch_level=0.0 rsid=1 status1='s/n   8 dB' status2='' trx='rx'
alsa hw_params during playback /proc/asound/card0/pcm0p/sub0/hw_params: access: RW_INTERLEAVED
format: S16_LE
subformat: STD
channels: 1
rate: 48000 (48000/1)
period_size: 6000
buffer_size: 24000
alsa hw_params during playback /proc/asound/card0/pcm1c/sub0/hw_params: access: MMAP_INTERLEAVED
format: S16_LE
subformat: STD
channels: 1
rate: 48000 (48000/1)
period_size: 384
buffer_size: 1920
drained decoded text with rx.get_data for periodic playback poll: 0 chars
status during playback: mode='MFSK64' carrier=1499 quality=92.232295 afc=0 squelch=0 squelch_level=0.0 rsid=1 status1='s/n   8 dB' status2='' trx='rx'
alsa hw_params during playback /proc/asound/card0/pcm0p/sub0/hw_params: access: RW_INTERLEAVED
format: S16_LE
subformat: STD
channels: 1
rate: 48000 (48000/1)
period_size: 6000
buffer_size: 24000
alsa hw_params during playback /proc/asound/card0/pcm1c/sub0/hw_params: access: MMAP_INTERLEAVED
format: S16_LE
subformat: STD
channels: 1
rate: 48000 (48000/1)
period_size: 384
buffer_size: 1920
drained decoded text with rx.get_data for periodic playback poll: 0 chars
status during playback: mode='MFSK64' carrier=1499 quality=96.417033 afc=0 squelch=0 squelch_level=0.0 rsid=1 status1='s/n   8 dB' status2='' trx='rx'
alsa hw_params during playback /proc/asound/card0/pcm0p/sub0/hw_params: access: RW_INTERLEAVED
format: S16_LE
subformat: STD
channels: 1
rate: 48000 (48000/1)
period_size: 6000
buffer_size: 24000
alsa hw_params during playback /proc/asound/card0/pcm1c/sub0/hw_params: access: MMAP_INTERLEAVED
format: S16_LE
subformat: STD
channels: 1
rate: 48000 (48000/1)
period_size: 384
buffer_size: 1920
drained decoded text with rx.get_data for periodic playback poll: 0 chars
status during playback: mode='MFSK64' carrier=1499 quality=97.517321 afc=0 squelch=0 squelch_level=0.0 rsid=1 status1='s/n  11 dB' status2='' trx='rx'
alsa hw_params during playback /proc/asound/card0/pcm0p/sub0/hw_params: access: RW_INTERLEAVED
format: S16_LE
subformat: STD
channels: 1
rate: 48000 (48000/1)
period_size: 6000
buffer_size: 24000
alsa hw_params during playback /proc/asound/card0/pcm1c/sub0/hw_params: access: MMAP_INTERLEAVED
format: S16_LE
subformat: STD
channels: 1
rate: 48000 (48000/1)
period_size: 384
buffer_size: 1920
drained decoded text with rx.get_data for periodic playback poll: 0 chars
status during playback: mode='MFSK64' carrier=1499 quality=97.470355 afc=0 squelch=0 squelch_level=0.0 rsid=1 status1='s/n  14 dB' status2='' trx='rx'
alsa hw_params during playback /proc/asound/card0/pcm0p/sub0/hw_params: access: RW_INTERLEAVED
format: S16_LE
subformat: STD
channels: 1
rate: 48000 (48000/1)
period_size: 6000
buffer_size: 24000
alsa hw_params during playback /proc/asound/card0/pcm1c/sub0/hw_params: access: MMAP_INTERLEAVED
format: S16_LE
subformat: STD
channels: 1
rate: 48000 (48000/1)
period_size: 384
buffer_size: 1920
drained decoded text with rx.get_data for periodic playback poll: 10 chars
status during playback: mode='MFSK64' carrier=1499 quality=97.443754 afc=0 squelch=0 squelch_level=0.0 rsid=1 status1='s/n  16 dB' status2='' trx='rx'
alsa hw_params during playback /proc/asound/card0/pcm0p/sub0/hw_params: access: RW_INTERLEAVED
format: S16_LE
subformat: STD
channels: 1
rate: 48000 (48000/1)
period_size: 6000
buffer_size: 24000
alsa hw_params during playback /proc/asound/card0/pcm1c/sub0/hw_params: access: MMAP_INTERLEAVED
format: S16_LE
subformat: STD
channels: 1
rate: 48000 (48000/1)
period_size: 384
buffer_size: 1920
drained decoded text with rx.get_data for periodic playback poll: 9 chars
status during playback: mode='MFSK64' carrier=1499 quality=97.493404 afc=0 squelch=0 squelch_level=0.0 rsid=1 status1='s/n  16 dB' status2='' trx='rx'
alsa hw_params during playback /proc/asound/card0/pcm0p/sub0/hw_params: access: RW_INTERLEAVED
format: S16_LE
subformat: STD
channels: 1
rate: 48000 (48000/1)
period_size: 6000
buffer_size: 24000
alsa hw_params during playback /proc/asound/card0/pcm1c/sub0/hw_params: access: MMAP_INTERLEAVED
format: S16_LE
subformat: STD
channels: 1
rate: 48000 (48000/1)
period_size: 384
buffer_size: 1920
drained decoded text with rx.get_data for periodic playback poll: 8 chars
status during playback: mode='MFSK64' carrier=1499 quality=97.438332 afc=0 squelch=0 squelch_level=0.0 rsid=1 status1='s/n  16 dB' status2='' trx='rx'
alsa hw_params during playback /proc/asound/card0/pcm0p/sub0/hw_params: access: RW_INTERLEAVED
format: S16_LE
subformat: STD
channels: 1
rate: 48000 (48000/1)
period_size: 6000
buffer_size: 24000
alsa hw_params during playback /proc/asound/card0/pcm1c/sub0/hw_params: access: MMAP_INTERLEAVED
format: S16_LE
subformat: STD
channels: 1
rate: 48000 (48000/1)
period_size: 384
buffer_size: 1920
drained decoded text with rx.get_data for periodic playback poll: 10 chars
status during playback: mode='MFSK64' carrier=1499 quality=97.517876 afc=0 squelch=0 squelch_level=0.0 rsid=1 status1='s/n  16 dB' status2='' trx='rx'
alsa hw_params during playback /proc/asound/card0/pcm0p/sub0/hw_params: access: RW_INTERLEAVED
format: S16_LE
subformat: STD
channels: 1
rate: 48000 (48000/1)
period_size: 6000
buffer_size: 24000
alsa hw_params during playback /proc/asound/card0/pcm1c/sub0/hw_params: access: MMAP_INTERLEAVED
format: S16_LE
subformat: STD
channels: 1
rate: 48000 (48000/1)
period_size: 384
buffer_size: 1920
drained decoded text with rx.get_data for periodic playback poll: 6 chars
status during playback: mode='MFSK64' carrier=1499 quality=97.628845 afc=0 squelch=0 squelch_level=0.0 rsid=1 status1='s/n -11 dB' status2='' trx='rx'
alsa hw_params during playback /proc/asound/card0/pcm0p/sub0/hw_params: access: RW_INTERLEAVED
format: S16_LE
subformat: STD
channels: 1
rate: 48000 (48000/1)
period_size: 6000
buffer_size: 24000
alsa hw_params during playback /proc/asound/card0/pcm1c/sub0/hw_params: access: MMAP_INTERLEAVED
format: S16_LE
subformat: STD
channels: 1
rate: 48000 (48000/1)
period_size: 384
buffer_size: 1920
drained decoded text with rx.get_data for periodic playback poll: 0 chars
status during playback: mode='MFSK64' carrier=1499 quality=65.788042 afc=0 squelch=0 squelch_level=0.0 rsid=1 status1='s/n   6 dB' status2='' trx='rx'
alsa hw_params during playback /proc/asound/card0/pcm0p/sub0/hw_params: access: RW_INTERLEAVED
format: S16_LE
subformat: STD
channels: 1
rate: 48000 (48000/1)
period_size: 6000
buffer_size: 24000
alsa hw_params during playback /proc/asound/card0/pcm1c/sub0/hw_params: access: MMAP_INTERLEAVED
format: S16_LE
subformat: STD
channels: 1
rate: 48000 (48000/1)
period_size: 384
buffer_size: 1920
drained decoded text with rx.get_data for periodic playback poll: 0 chars
status during playback: mode='MFSK64' carrier=1499 quality=88.347291 afc=0 squelch=0 squelch_level=0.0 rsid=1 status1='s/n   6 dB' status2='' trx='rx'
alsa hw_params during playback /proc/asound/card0/pcm0p/sub0/hw_params: access: RW_INTERLEAVED
format: S16_LE
subformat: STD
channels: 1
rate: 48000 (48000/1)
period_size: 6000
buffer_size: 24000
alsa hw_params during playback /proc/asound/card0/pcm1c/sub0/hw_params: access: MMAP_INTERLEAVED
format: S16_LE
subformat: STD
channels: 1
rate: 48000 (48000/1)
period_size: 384
buffer_size: 1920
drained decoded text with rx.get_data for periodic playback poll: 0 chars
status during playback: mode='MFSK64' carrier=1499 quality=95.35078 afc=0 squelch=0 squelch_level=0.0 rsid=1 status1='s/n   7 dB' status2='' trx='rx'
alsa hw_params during playback /proc/asound/card0/pcm0p/sub0/hw_params: access: RW_INTERLEAVED
format: S16_LE
subformat: STD
channels: 1
rate: 48000 (48000/1)
period_size: 6000
buffer_size: 24000
alsa hw_params during playback /proc/asound/card0/pcm1c/sub0/hw_params: access: MMAP_INTERLEAVED
format: S16_LE
subformat: STD
channels: 1
rate: 48000 (48000/1)
period_size: 384
buffer_size: 1920
drained decoded text with rx.get_data for periodic playback poll: 0 chars
status during playback: mode='MFSK64' carrier=1499 quality=97.381421 afc=0 squelch=0 squelch_level=0.0 rsid=1 status1='s/n   8 dB' status2='' trx='rx'
alsa hw_params during playback /proc/asound/card0/pcm0p/sub0/hw_params: access: RW_INTERLEAVED
format: S16_LE
subformat: STD
channels: 1
rate: 48000 (48000/1)
period_size: 6000
buffer_size: 24000
alsa hw_params during playback /proc/asound/card0/pcm1c/sub0/hw_params: access: MMAP_INTERLEAVED
format: S16_LE
subformat: STD
channels: 1
rate: 48000 (48000/1)
period_size: 384
buffer_size: 1920
drained decoded text with rx.get_data for periodic playback poll: 0 chars
status during playback: mode='MFSK64' carrier=1499 quality=97.502292 afc=0 squelch=0 squelch_level=0.0 rsid=1 status1='s/n  10 dB' status2='' trx='rx'
alsa hw_params during playback /proc/asound/card0/pcm0p/sub0/hw_params: access: RW_INTERLEAVED
format: S16_LE
subformat: STD
channels: 1
rate: 48000 (48000/1)
period_size: 6000
buffer_size: 24000
alsa hw_params during playback /proc/asound/card0/pcm1c/sub0/hw_params: access: MMAP_INTERLEAVED
format: S16_LE
subformat: STD
channels: 1
rate: 48000 (48000/1)
period_size: 384
buffer_size: 1920
drained decoded text with rx.get_data for periodic playback poll: 5 chars
status during playback: mode='MFSK64' carrier=1499 quality=97.457119 afc=0 squelch=0 squelch_level=0.0 rsid=1 status1='s/n  11 dB' status2='' trx='rx'
alsa hw_params during playback /proc/asound/card0/pcm0p/sub0/hw_params: access: RW_INTERLEAVED
format: S16_LE
subformat: STD
channels: 1
rate: 48000 (48000/1)
period_size: 6000
buffer_size: 24000
alsa hw_params during playback /proc/asound/card0/pcm1c/sub0/hw_params: access: MMAP_INTERLEAVED
format: S16_LE
subformat: STD
channels: 1
rate: 48000 (48000/1)
period_size: 384
buffer_size: 1920
drained decoded text with rx.get_data for periodic playback poll: 10 chars
status during playback: mode='MFSK64' carrier=1499 quality=97.817026 afc=0 squelch=0 squelch_level=0.0 rsid=1 status1='s/n  11 dB' status2='' trx='rx'
alsa hw_params during playback /proc/asound/card0/pcm0p/sub0/hw_params: access: RW_INTERLEAVED
format: S16_LE
subformat: STD
channels: 1
rate: 48000 (48000/1)
period_size: 6000
buffer_size: 24000
alsa hw_params during playback /proc/asound/card0/pcm1c/sub0/hw_params: access: MMAP_INTERLEAVED
format: S16_LE
subformat: STD
channels: 1
rate: 48000 (48000/1)
period_size: 384
buffer_size: 1920
drained decoded text with rx.get_data for periodic playback poll: 1 chars
aplay exited with 0
aplay stderr: Playing WAVE '/var/tmp/grampy-encoder-session8.dYAOKp/evidence/cases/mfsk64-color-speeds/generated.wav' : Signed 16 bit Little Endian, Rate 48000 Hz, Mono
Plug PCM: Hardware PCM card 0 'Loopback' device 0 subdevice 0
Its setup is:
  stream       : PLAYBACK
  access       : RW_INTERLEAVED
  format       : S16_LE
  subformat    : STD
  channels     : 1
  rate         : 48000
  exact rate   : 48000 (48000/1)
  msbits       : 16
  buffer_size  : 24000
  period_size  : 6000
  period_time  : 125000
  tstamp_mode  : ENABLE
  tstamp_type  : MONOTONIC
  period_step  : 1
  avail_min    : 6000
  period_event : 0
  start_threshold  : 24000
  stop_threshold   : 24000
  silence_threshold: 0
  silence_size : 0
  boundary     : 6755399441055744000
  appl_ptr     : 0
  hw_ptr       : 0
status after playback wait: mode='MFSK64' carrier=1499 quality=97.409782 afc=0 squelch=0 squelch_level=0.0 rsid=1 status1='s/n  11 dB' status2='' trx='rx'
drained decoded text with rx.get_data for post-playback poll: 0 chars
status after playback wait: mode='MFSK64' carrier=1499 quality=57.820564 afc=0 squelch=0 squelch_level=0.0 rsid=1 status1='s/n   9 dB' status2='' trx='rx'
drained decoded text with rx.get_data for post-playback poll: 4 chars
status after playback wait: mode='MFSK64' carrier=1499 quality=19.00032 afc=0 squelch=0 squelch_level=0.0 rsid=1 status1='s/n   5 dB' status2='' trx='rx'
drained decoded text with rx.get_data for post-playback poll: 4 chars
status after playback wait: mode='MFSK64' carrier=1499 quality=7.685827 afc=0 squelch=0 squelch_level=0.0 rsid=1 status1='s/n   1 dB' status2='' trx='rx'
drained decoded text with rx.get_data for post-playback poll: 13 chars
status after playback wait: mode='MFSK64' carrier=1499 quality=3.589563 afc=0 squelch=0 squelch_level=0.0 rsid=1 status1='s/n  -4 dB' status2='' trx='rx'
drained decoded text with rx.get_data for post-playback poll: 15 chars
status after playback wait: mode='MFSK64' carrier=1499 quality=2.579455 afc=0 squelch=0 squelch_level=0.0 rsid=1 status1='s/n  -8 dB' status2='' trx='rx'
drained decoded text with rx.get_data for post-playback poll: 14 chars
status after playback wait: mode='MFSK64' carrier=1499 quality=2.189179 afc=0 squelch=0 squelch_level=0.0 rsid=1 status1='s/n -11 dB' status2='' trx='rx'
drained decoded text with rx.get_data for post-playback poll: 13 chars
status after playback wait: mode='MFSK64' carrier=1499 quality=2.907428 afc=0 squelch=0 squelch_level=0.0 rsid=1 status1='s/n -12 dB' status2='' trx='rx'
drained decoded text with rx.get_data for post-playback poll: 13 chars
status after playback wait: mode='MFSK64' carrier=1499 quality=2.278114 afc=0 squelch=0 squelch_level=0.0 rsid=1 status1='s/n -12 dB' status2='' trx='rx'
drained decoded text with rx.get_data for post-playback poll: 15 chars
status after playback wait: mode='MFSK64' carrier=1499 quality=2.106475 afc=0 squelch=0 squelch_level=0.0 rsid=1 status1='s/n -12 dB' status2='' trx='rx'
drained decoded text with rx.get_data for post-playback poll: 14 chars
status after playback wait: mode='MFSK64' carrier=1499 quality=2.105137 afc=0 squelch=0 squelch_level=0.0 rsid=1 status1='s/n -12 dB' status2='' trx='rx'
drained decoded text with rx.get_data for post-playback poll: 13 chars
status after playback wait: mode='MFSK64' carrier=1499 quality=2.884362 afc=0 squelch=0 squelch_level=0.0 rsid=1 status1='s/n -12 dB' status2='' trx='rx'
drained decoded text with rx.get_data for post-playback poll: 13 chars
status after playback wait: mode='MFSK64' carrier=1499 quality=2.271784 afc=0 squelch=0 squelch_level=0.0 rsid=1 status1='s/n -12 dB' status2='' trx='rx'
drained decoded text with rx.get_data for post-playback poll: 14 chars
status after playback wait: mode='MFSK64' carrier=1499 quality=2.104738 afc=0 squelch=0 squelch_level=0.0 rsid=1 status1='s/n -12 dB' status2='' trx='rx'
drained decoded text with rx.get_data for post-playback poll: 15 chars
status after playback wait: mode='MFSK64' carrier=1499 quality=2.884253 afc=0 squelch=0 squelch_level=0.0 rsid=1 status1='s/n -12 dB' status2='' trx='rx'
drained decoded text with rx.get_data for post-playback poll: 13 chars
status after playback wait: mode='MFSK64' carrier=1499 quality=2.884251 afc=0 squelch=0 squelch_level=0.0 rsid=1 status1='s/n -12 dB' status2='' trx='rx'
drained decoded text with rx.get_data for post-playback poll: 13 chars
status after playback wait: mode='MFSK64' carrier=1499 quality=2.271753 afc=0 squelch=0 squelch_level=0.0 rsid=1 status1='s/n -12 dB' status2='' trx='rx'
drained decoded text with rx.get_data for post-playback poll: 14 chars
status after playback wait: mode='MFSK64' carrier=1499 quality=2.104729 afc=0 squelch=0 squelch_level=0.0 rsid=1 status1='s/n -12 dB' status2='' trx='rx'
drained decoded text with rx.get_data for post-playback poll: 13 chars
status after playback wait: mode='MFSK64' carrier=1499 quality=2.88425 afc=0 squelch=0 squelch_level=0.0 rsid=1 status1='s/n -12 dB' status2='' trx='rx'
drained decoded text with rx.get_data for post-playback poll: 13 chars
status after playback wait: mode='MFSK64' carrier=1499 quality=2.271753 afc=0 squelch=0 squelch_level=0.0 rsid=1 status1='s/n -12 dB' status2='' trx='rx'
drained decoded text with rx.get_data for post-playback poll: 15 chars
status after playback wait: mode='MFSK64' carrier=1499 quality=2.271753 afc=0 squelch=0 squelch_level=0.0 rsid=1 status1='s/n -12 dB' status2='' trx='rx'
drained decoded text with rx.get_data for post-playback poll: 14 chars
status after playback wait: mode='MFSK64' carrier=1499 quality=2.104729 afc=0 squelch=0 squelch_level=0.0 rsid=1 status1='s/n -12 dB' status2='' trx='rx'
drained decoded text with rx.get_data for post-playback poll: 13 chars
status after playback wait: mode='MFSK64' carrier=1499 quality=2.88425 afc=0 squelch=0 squelch_level=0.0 rsid=1 status1='s/n -12 dB' status2='' trx='rx'
drained decoded text with rx.get_data for post-playback poll: 13 chars
status after playback wait: mode='MFSK64' carrier=1499 quality=2.271753 afc=0 squelch=0 squelch_level=0.0 rsid=1 status1='s/n -12 dB' status2='' trx='rx'
drained decoded text with rx.get_data for post-playback poll: 14 chars
status after playback wait: mode='MFSK64' carrier=1499 quality=2.104729 afc=0 squelch=0 squelch_level=0.0 rsid=1 status1='s/n -12 dB' status2='' trx='rx'
drained decoded text with rx.get_data for post-playback poll: 13 chars
status after playback wait: mode='MFSK64' carrier=1499 quality=2.88425 afc=0 squelch=0 squelch_level=0.0 rsid=1 status1='s/n -12 dB' status2='' trx='rx'
drained decoded text with rx.get_data for post-playback poll: 15 chars
status after playback wait: mode='MFSK64' carrier=1499 quality=2.271753 afc=0 squelch=0 squelch_level=0.0 rsid=1 status1='s/n -12 dB' status2='' trx='rx'
drained decoded text with rx.get_data for post-playback poll: 13 chars
called modem.get_name() -> 'MFSK64'
called main.get_rsid() -> 1
status after playback: mode='MFSK64' carrier=1499 quality=2.104729 afc=0 squelch=0 squelch_level=0.0 rsid=1 status1='s/n -12 dB' status2='' trx='rx'
drained decoded text with rx.get_data for final drain: 7 chars
